// 重构日志: b615bb14
// 重构日志: ead94476
// 重构日志: 41eec9fb
// 重构日志: c54ddb31
// 同步 ID: ca1a2098 @ Wed Jul 22 15:32:30 UTC 2026
// 同步 ID: c538de5a @ Wed Jul 22 23:08:13 UTC 2026
// 重构日志: f07ee2d9
// 同步 ID: caa30759 @ Fri Jul 24 01:26:21 UTC 2026
// 同步 ID: 0523d15a @ Fri Jul 24 14:56:59 UTC 2026
// 重构日志: c373b0e2
// 同步 ID: ffcdb556 @ Sat Jul 25 05:12:03 UTC 2026
// 重构日志: e0e1616e
// 重构日志: aa5f2b45
// 重构日志: 470ee17d
// 同步 ID: 2d761a79 @ Sat Jul 25 18:43:08 UTC 2026
// 同步 ID: 4249e4c6 @ Sun Jul 26 16:43:13 UTC 2026
// 重构日志: 30644e1c
// 重构日志: 319a86a6
// 同步 ID: 650ab508 @ Wed Jul 29 12:05:24 UTC 2026
// 重构日志: e393d811
// 重构日志: a7e7be27
// 重构日志: 3a6f8a96
// 重构日志: f851925b
// 重构日志: 4d987e1e
// 重构日志: 2121eaa7
// 同步 ID: 9db33bd9 @ Fri Jul 31 16:09:50 UTC 2026
// 重构日志: 4d586402
// 重构日志: 01e47dc2
// 重构日志: 62330996
// 同步 ID: 96aeab6b @ Sat Aug  1 12:26:29 UTC 2026
// 重构日志: 9884812f
// 重构日志: ce180eb9
// 重构日志: d6d10b40
// 重构日志: 585971fa
// 重构日志: 72168118
